// Jest Snapshot v1, https://goo.gl/fbAQLP

exports[`Search should render the search 1`] = `
<Provider
  store={
    Object {
      "@@observable": [Function],
      "dispatch": [Function],
      "getState": [Function],
      "replaceReducer": [Function],
      "subscribe": [Function],
    }
  }
>
  <SearchContainer>
    <SearchComponent
      addSong={[Function]}
      albumSearch={Array []}
      handleImageError={[Function]}
      handlePlayAlbum={[Function]}
      imageUrl="http://118.100.207.12:4000/api/album/ico/"
      playSong={[Function]}
      playingSong=""
      songSearch={Array []}
    >
      <div>
        <h1>
          Albums
        </h1>
        <EmotionCssPropInternal
          __EMOTION_LABEL_PLEASE_DO_NOT_USE__="SearchComponent"
          __EMOTION_TYPE_PLEASE_DO_NOT_USE__="div"
          css={
            Object {
              "map": undefined,
              "name": "141xi7h",
              "next": undefined,
              "styles": "
        display: flex;
        overflow-x: scroll;

        & > a {
            color: white;
            text-decoration: none;
            &:hover {
                text-decoration: underline;
            }
        }

        & .cardItem {
            margin-right: 1rem;
            margin-bottom: 1rem;
        }
    ",
              "toString": [Function],
            }
          }
        >
          <div
            className="css-1zowee-SearchComponent"
          />
        </EmotionCssPropInternal>
        <h1>
          Songs
        </h1>
        <EmotionCssPropInternal
          __EMOTION_LABEL_PLEASE_DO_NOT_USE__="SearchComponent"
          __EMOTION_TYPE_PLEASE_DO_NOT_USE__="ul"
          css={
            Object {
              "map": undefined,
              "name": "h43zs4",
              "next": undefined,
              "styles": "
        list-style-type: none;
        padding: 0;
        margin-right: 1rem;

        & > li {
            padding: 0.5rem 1rem;
            height: 60px;
            display: grid;
            grid-template-columns: 70px 20fr 4em;
            cursor: pointer;

            &:hover {
                background-color: var(--secondary-color);
            }

            & > div {
                display: flex;
                align-items: center;
            }

            & > .songDetail {
                display: grid;
                grid-template-rows: 1fr 1fr;
            }

            & > .songTitle {
                font-size: 1.2em;
                overflow: hidden;
            }

            & > .album {
                width: 60px;
            }
        }
        & .activeItem {
            background-color: var(--thirtiary-color);
            color: var(--primary-color);
        }
    ",
              "toString": [Function],
            }
          }
        >
          <ul
            className="css-m6uak6-SearchComponent"
          />
        </EmotionCssPropInternal>
      </div>
    </SearchComponent>
  </SearchContainer>
</Provider>
`;
