// Jest Snapshot v1, https://goo.gl/fbAQLP

exports[`Login should render the login page correctly 1`] = `
<Provider
  store={
    Object {
      "@@observable": [Function],
      "dispatch": [Function],
      "getState": [Function],
      "replaceReducer": [Function],
      "subscribe": [Function],
    }
  }
>
  <Login>
    <div
      className="login"
    >
      <h1>
        music-choco
      </h1>
      <div
        className="login-container"
      >
        <h1>
          Login
        </h1>
        <form>
          <label>
            <p>
              Username
            </p>
            <input
              id="username"
              onChange={[Function]}
              type="text"
              value=""
            />
          </label>
          <label>
            <p>
              Password
            </p>
            <input
              id="password"
              onChange={[Function]}
              type="password"
              value=""
            />
          </label>
          <div>
            <button
              id="login"
              onClick={[Function]}
            >
              Login
            </button>
            <button
              id="register"
              onClick={[Function]}
            >
              Register
            </button>
          </div>
        </form>
      </div>
    </div>
  </Login>
</Provider>
`;
